error[E0570]: `"ptx-kernel"` is not a supported ABI for the current target
  --> $DIR/unsupported.rs:33:8
   |
LL | extern "ptx-kernel" fn ptx() {}
   |        ^^^^^^^^^^^^

error[E0570]: `"ptx-kernel"` is not a supported ABI for the current target
  --> $DIR/unsupported.rs:35:22
   |
LL | fn ptx_ptr(f: extern "ptx-kernel" fn()) {
   |                      ^^^^^^^^^^^^

error[E0570]: `"ptx-kernel"` is not a supported ABI for the current target
  --> $DIR/unsupported.rs:39:8
   |
LL | extern "ptx-kernel" {}
   |        ^^^^^^^^^^^^

error[E0570]: `"gpu-kernel"` is not a supported ABI for the current target
  --> $DIR/unsupported.rs:41:8
   |
LL | extern "gpu-kernel" fn gpu() {}
   |        ^^^^^^^^^^^^

error[E0570]: `"msp430-interrupt"` is not a supported ABI for the current target
  --> $DIR/unsupported.rs:65:8
   |
LL | extern "msp430-interrupt" fn msp430() {}
   |        ^^^^^^^^^^^^^^^^^^

error[E0570]: `"msp430-interrupt"` is not a supported ABI for the current target
  --> $DIR/unsupported.rs:67:25
   |
LL | fn msp430_ptr(f: extern "msp430-interrupt" fn()) {
   |                         ^^^^^^^^^^^^^^^^^^

error[E0570]: `"msp430-interrupt"` is not a supported ABI for the current target
  --> $DIR/unsupported.rs:71:8
   |
LL | extern "msp430-interrupt" {}
   |        ^^^^^^^^^^^^^^^^^^

error[E0570]: `"avr-interrupt"` is not a supported ABI for the current target
  --> $DIR/unsupported.rs:74:8
   |
LL | extern "avr-interrupt" fn avr() {}
   |        ^^^^^^^^^^^^^^^

error[E0570]: `"avr-interrupt"` is not a supported ABI for the current target
  --> $DIR/unsupported.rs:76:22
   |
LL | fn avr_ptr(f: extern "avr-interrupt" fn()) {
   |                      ^^^^^^^^^^^^^^^

error[E0570]: `"avr-interrupt"` is not a supported ABI for the current target
  --> $DIR/unsupported.rs:80:8
   |
LL | extern "avr-interrupt" {}
   |        ^^^^^^^^^^^^^^^

error[E0570]: `"riscv-interrupt-m"` is not a supported ABI for the current target
  --> $DIR/unsupported.rs:83:8
   |
LL | extern "riscv-interrupt-m" fn riscv() {}
   |        ^^^^^^^^^^^^^^^^^^^

error[E0570]: `"riscv-interrupt-m"` is not a supported ABI for the current target
  --> $DIR/unsupported.rs:88:24
   |
LL | fn riscv_ptr(f: extern "riscv-interrupt-m" fn()) {
   |                        ^^^^^^^^^^^^^^^^^^^

error[E0570]: `"riscv-interrupt-m"` is not a supported ABI for the current target
  --> $DIR/unsupported.rs:95:8
   |
LL | extern "riscv-interrupt-m" {}
   |        ^^^^^^^^^^^^^^^^^^^

error[E0570]: `"x86-interrupt"` is not a supported ABI for the current target
  --> $DIR/unsupported.rs:101:8
   |
LL | extern "x86-interrupt" fn x86() {}
   |        ^^^^^^^^^^^^^^^

error[E0570]: `"x86-interrupt"` is not a supported ABI for the current target
  --> $DIR/unsupported.rs:106:22
   |
LL | fn x86_ptr(f: extern "x86-interrupt" fn()) {
   |                      ^^^^^^^^^^^^^^^

error[E0570]: `"x86-interrupt"` is not a supported ABI for the current target
  --> $DIR/unsupported.rs:113:8
   |
LL | extern "x86-interrupt" {}
   |        ^^^^^^^^^^^^^^^

error[E0570]: `"thiscall"` is not a supported ABI for the current target
  --> $DIR/unsupported.rs:119:8
   |
LL | extern "thiscall" fn thiscall() {}
   |        ^^^^^^^^^^

error[E0570]: `"thiscall"` is not a supported ABI for the current target
  --> $DIR/unsupported.rs:125:27
   |
LL | fn thiscall_ptr(f: extern "thiscall" fn()) {
   |                           ^^^^^^^^^^

error[E0570]: `"thiscall"` is not a supported ABI for the current target
  --> $DIR/unsupported.rs:133:8
   |
LL | extern "thiscall" {}
   |        ^^^^^^^^^^

error[E0570]: `"stdcall"` is not a supported ABI for the current target
  --> $DIR/unsupported.rs:140:8
   |
LL | extern "stdcall" fn stdcall() {}
   |        ^^^^^^^^^

error[E0570]: `"stdcall"` is not a supported ABI for the current target
  --> $DIR/unsupported.rs:146:26
   |
LL | fn stdcall_ptr(f: extern "stdcall" fn()) {
   |                          ^^^^^^^^^

error[E0570]: `"stdcall"` is not a supported ABI for the current target
  --> $DIR/unsupported.rs:154:8
   |
LL | extern "stdcall" {}
   |        ^^^^^^^^^

error[E0570]: `"C-cmse-nonsecure-call"` is not a supported ABI for the current target
  --> $DIR/unsupported.rs:161:28
   |
LL | fn cmse_call_ptr(f: extern "C-cmse-nonsecure-call" fn()) {
   |                            ^^^^^^^^^^^^^^^^^^^^^^^

error[E0570]: `"C-cmse-nonsecure-entry"` is not a supported ABI for the current target
  --> $DIR/unsupported.rs:166:8
   |
LL | extern "C-cmse-nonsecure-entry" fn cmse_entry() {}
   |        ^^^^^^^^^^^^^^^^^^^^^^^^

error[E0570]: `"C-cmse-nonsecure-entry"` is not a supported ABI for the current target
  --> $DIR/unsupported.rs:168:29
   |
LL | fn cmse_entry_ptr(f: extern "C-cmse-nonsecure-entry" fn()) {
   |                             ^^^^^^^^^^^^^^^^^^^^^^^^

error[E0570]: `"C-cmse-nonsecure-entry"` is not a supported ABI for the current target
  --> $DIR/unsupported.rs:172:8
   |
LL | extern "C-cmse-nonsecure-entry" {}
   |        ^^^^^^^^^^^^^^^^^^^^^^^^

error: aborting due to 26 previous errors

For more information about this error, try `rustc --explain E0570`.
